(1/28/2025 4:17:23 PM) 
(1/28/2025 4:17:23 PM) --- 1/28/2025 4:17:23 PM
(1/28/2025 4:17:23 PM) --- Starting Analyzer: 12.9.1
(1/28/2025 4:17:23 PM) 
(1/28/2025 4:17:23 PM) Model Directory: C:\Users\brigh\TAMU Programming\HYPERION\master
(1/28/2025 4:17:23 PM) Retrieved Custom Script Variables: 
(1/28/2025 4:17:23 PM) Running Macro: AnalyzerInit
(1/28/2025 4:17:23 PM) Running Macro: Init
(1/28/2025 4:17:26 PM) >GetDirectory / Scenario
(1/28/2025 4:17:26 PM) C:\Users\brigh\TAMU Programming\HYPERION\master\
(1/28/2025 4:17:49 PM) Retrieved Custom Script Variables: 
(1/28/2025 4:17:49 PM) Running Macro: AnalyzerInit
(1/28/2025 4:17:49 PM) Running Macro: Init
(1/28/2025 4:18:00 PM) Retrieved Custom Script Variables: 
(1/28/2025 4:18:00 PM) Running Macro: AnalyzerInit
(1/28/2025 4:18:00 PM) Running Macro: Init
(1/28/2025 5:04:44 PM) 
(1/28/2025 5:04:44 PM) --- 1/28/2025 5:04:44 PM
(1/28/2025 5:04:44 PM) --- Exiting STK Plug-In
(1/28/2025 5:04:44 PM) 
(1/28/2025 5:04:44 PM) Running Macro: AnalyzerEnd
(1/28/2025 5:04:44 PM) Running Macro: End
(1/28/2025 5:04:44 PM) 
(1/28/2025 5:04:44 PM) --- 1/28/2025 5:04:44 PM
(1/28/2025 5:04:44 PM) --- Exiting Analyzer
(1/28/2025 5:04:44 PM) 
